// Jest Snapshot v1, https://goo.gl/fbAQLP

exports[`Repo component renders Repo 1`] = `
<ul>
  <h3>
    loopr
  </h3>
  <li>
    <a
      href="https://github.com/mikeymasonic/loopr"
      rel="noopener noreferrer"
      target="_blank"
    >
      link
    </a>
  </li>
</ul>
`;
